---
source: tests/snapshots.rs
assertion_line: 42
expression: output
---
 [NORMAL]  Omniknight  |  my-project  |  1 workspaces                                               
┌ ▸ Sessions ───────────┐┌ my-project ─────────────────────────────────────────────────────────────┐
│ ▼ my-project [0]      ││                                                                         │
│                       ││  No sessions — press 't' for shell or 'a' for agent                     │
│                       ││                                                                         │
│                       ││                                                                         │
│                       ││                                                                         │
│                       ││                                                                         │
│                       ││                                                                         │
│                       ││                                                                         │
│                       ││                                                                         │
│                       ││                                                                         │
│                       ││                                                                         │
│                       ││                                                                         │
│                       ││                                                                         │
│                       ││                                                                         │
│                       ││                                                                         │
│                       ││                                                                         │
└───────────────────────┘└─────────────────────────────────────────────────────────────────────────┘
 j/k:select  Enter:activate  Space:collapse  n:workspace  t:shell  a:agent  :::palette  q:quit
