---
source: tests/snapshots.rs
assertion_line: 31
expression: output
---
 [NORMAL]  Omniknight  |  —  |  0 workspaces                                                        
┌ ▸ Sessions ───────────┐┌ Terminal ───────────────────────────────────────────────────────────────┐
│                       ││                                                                         │
│ No workspaces         ││  Select a workspace (Enter) to start                                    │
│ Press 'n' to create   ││                                                                         │
│                       ││                                                                         │
│                       ││                                                                         │
│                       ││                                                                         │
│                       ││                                                                         │
│                       ││                                                                         │
│                       ││                                                                         │
│                       ││                                                                         │
│                       ││                                                                         │
│                       ││                                                                         │
│                       ││                                                                         │
│                       ││                                                                         │
│                       ││                                                                         │
│                       ││                                                                         │
└───────────────────────┘└─────────────────────────────────────────────────────────────────────────┘
 j/k:select  Enter:activate  Space:collapse  n:workspace  t:shell  a:agent  :::palette  q:quit
